Archive member included to satisfy reference by file (symbol)

d:/ac6/systemworkbench/plugins/fr.ac6.mcu.externaltools.arm-none.win32_1.13.3.201707031232/tools/compiler/bin/../lib/gcc/arm-none-eabi/5.4.1/../../../../arm-none-eabi/lib/armv7e-m/fpu\libc_nano.a(lib_a-exit.o)
                              d:/ac6/systemworkbench/plugins/fr.ac6.mcu.externaltools.arm-none.win32_1.13.3.201707031232/tools/compiler/bin/../lib/gcc/arm-none-eabi/5.4.1/../../../../arm-none-eabi/lib/armv7e-m/fpu/crt0.o (exit)
d:/ac6/systemworkbench/plugins/fr.ac6.mcu.externaltools.arm-none.win32_1.13.3.201707031232/tools/compiler/bin/../lib/gcc/arm-none-eabi/5.4.1/../../../../arm-none-eabi/lib/armv7e-m/fpu\libc_nano.a(lib_a-impure.o)
                              d:/ac6/systemworkbench/plugins/fr.ac6.mcu.externaltools.arm-none.win32_1.13.3.201707031232/tools/compiler/bin/../lib/gcc/arm-none-eabi/5.4.1/../../../../arm-none-eabi/lib/armv7e-m/fpu\libc_nano.a(lib_a-exit.o) (_global_impure_ptr)
d:/ac6/systemworkbench/plugins/fr.ac6.mcu.externaltools.arm-none.win32_1.13.3.201707031232/tools/compiler/bin/../lib/gcc/arm-none-eabi/5.4.1/../../../../arm-none-eabi/lib/armv7e-m/fpu\libc_nano.a(lib_a-init.o)
                              d:/ac6/systemworkbench/plugins/fr.ac6.mcu.externaltools.arm-none.win32_1.13.3.201707031232/tools/compiler/bin/../lib/gcc/arm-none-eabi/5.4.1/../../../../arm-none-eabi/lib/armv7e-m/fpu/crt0.o (__libc_init_array)
d:/ac6/systemworkbench/plugins/fr.ac6.mcu.externaltools.arm-none.win32_1.13.3.201707031232/tools/compiler/bin/../lib/gcc/arm-none-eabi/5.4.1/../../../../arm-none-eabi/lib/armv7e-m/fpu\libc_nano.a(lib_a-memset.o)
                              d:/ac6/systemworkbench/plugins/fr.ac6.mcu.externaltools.arm-none.win32_1.13.3.201707031232/tools/compiler/bin/../lib/gcc/arm-none-eabi/5.4.1/../../../../arm-none-eabi/lib/armv7e-m/fpu/crt0.o (memset)
d:/ac6/systemworkbench/plugins/fr.ac6.mcu.externaltools.arm-none.win32_1.13.3.201707031232/tools/compiler/bin/../lib/gcc/arm-none-eabi/5.4.1/../../../../arm-none-eabi/lib/armv7e-m/fpu\libnosys.a(_exit.o)
                              d:/ac6/systemworkbench/plugins/fr.ac6.mcu.externaltools.arm-none.win32_1.13.3.201707031232/tools/compiler/bin/../lib/gcc/arm-none-eabi/5.4.1/../../../../arm-none-eabi/lib/armv7e-m/fpu\libc_nano.a(lib_a-exit.o) (_exit)

Allocating common symbols
Common symbol       size              file

htim10              0x3c              Application/User/main.o
alko                0x4               Application/User/main.o
uwTick              0x4               Drivers/STM32F4xx_HAL_Driver/stm32f4xx_hal.o
pFlash              0x20              Drivers/STM32F4xx_HAL_Driver/stm32f4xx_hal_flash.o
hadc1               0x48              Application/User/main.o
max                 0x4               Application/User/main.o
hdma_adc1           0x60              Application/User/main.o
color               0x2               Application/User/main.o
hspi1               0x58              Application/User/main.o
hdma_spi1_tx        0x60              Application/User/main.o

Discarded input sections

 .text          0x00000000        0x0 d:/ac6/systemworkbench/plugins/fr.ac6.mcu.externaltools.arm-none.win32_1.13.3.201707031232/tools/compiler/bin/../lib/gcc/arm-none-eabi/5.4.1/armv7e-m/fpu/crti.o
 .data          0x00000000        0x0 d:/ac6/systemworkbench/plugins/fr.ac6.mcu.externaltools.arm-none.win32_1.13.3.201707031232/tools/compiler/bin/../lib/gcc/arm-none-eabi/5.4.1/armv7e-m/fpu/crti.o
 .bss           0x00000000        0x0 d:/ac6/systemworkbench/plugins/fr.ac6.mcu.externaltools.arm-none.win32_1.13.3.201707031232/tools/compiler/bin/../lib/gcc/arm-none-eabi/5.4.1/armv7e-m/fpu/crti.o
 .data          0x00000000        0x4 d:/ac6/systemworkbench/plugins/fr.ac6.mcu.externaltools.arm-none.win32_1.13.3.201707031232/tools/compiler/bin/../lib/gcc/arm-none-eabi/5.4.1/armv7e-m/fpu/crtbegin.o
 .text          0x00000000       0x74 d:/ac6/systemworkbench/plugins/fr.ac6.mcu.externaltools.arm-none.win32_1.13.3.201707031232/tools/compiler/bin/../lib/gcc/arm-none-eabi/5.4.1/../../../../arm-none-eabi/lib/armv7e-m/fpu/crt0.o
 .data          0x00000000        0x0 d:/ac6/systemworkbench/plugins/fr.ac6.mcu.externaltools.arm-none.win32_1.13.3.201707031232/tools/compiler/bin/../lib/gcc/arm-none-eabi/5.4.1/../../../../arm-none-eabi/lib/armv7e-m/fpu/crt0.o
 .bss           0x00000000        0x0 d:/ac6/systemworkbench/plugins/fr.ac6.mcu.externaltools.arm-none.win32_1.13.3.201707031232/tools/compiler/bin/../lib/gcc/arm-none-eabi/5.4.1/../../../../arm-none-eabi/lib/armv7e-m/fpu/crt0.o
 .ARM.extab     0x00000000        0x0 d:/ac6/systemworkbench/plugins/fr.ac6.mcu.externaltools.arm-none.win32_1.13.3.201707031232/tools/compiler/bin/../lib/gcc/arm-none-eabi/5.4.1/../../../../arm-none-eabi/lib/armv7e-m/fpu/crt0.o
[...]
Memory Configuration

Name             Origin             Length             Attributes
RAM              0x20000000         0x00020000         xrw
FLASH            0x08000000         0x00080000         xr
*default*        0x00000000         0xffffffff

Linker script and memory map

LOAD d:/ac6/systemworkbench/plugins/fr.ac6.mcu.externaltools.arm-none.win32_1.13.3.201707031232/tools/compiler/bin/../lib/gcc/arm-none-eabi/5.4.1/armv7e-m/fpu/crti.o
LOAD d:/ac6/systemworkbench/plugins/fr.ac6.mcu.externaltools.arm-none.win32_1.13.3.201707031232/tools/compiler/bin/../lib/gcc/arm-none-eabi/5.4.1/armv7e-m/fpu/crtbegin.o
LOAD d:/ac6/systemworkbench/plugins/fr.ac6.mcu.externaltools.arm-none.win32_1.13.3.201707031232/tools/compiler/bin/../lib/gcc/arm-none-eabi/5.4.1/../../../../arm-none-eabi/lib/armv7e-m/fpu/crt0.o
LOAD Application/SW4STM32/startup_stm32f411xe.o
LOAD Application/User/Fonts.o
LOAD Application/User/SSD1331.o
LOAD Application/User/main.o
LOAD Application/User/stm32f4xx_hal_msp.o
LOAD Application/User/stm32f4xx_it.o
LOAD Drivers/CMSIS/system_stm32f4xx.o
LOAD Drivers/STM32F4xx_HAL_Driver/stm32f4xx_hal.o
LOAD Drivers/STM32F4xx_HAL_Driver/stm32f4xx_hal_adc.o
LOAD Drivers/STM32F4xx_HAL_Driver/stm32f4xx_hal_adc_ex.o
LOAD Drivers/STM32F4xx_HAL_Driver/stm32f4xx_hal_cortex.o
LOAD Drivers/STM32F4xx_HAL_Driver/stm32f4xx_hal_dma.o
LOAD Drivers/STM32F4xx_HAL_Driver/stm32f4xx_hal_dma_ex.o
LOAD Drivers/STM32F4xx_HAL_Driver/stm32f4xx_hal_flash.o
LOAD Drivers/STM32F4xx_HAL_Driver/stm32f4xx_hal_flash_ex.o
LOAD Drivers/STM32F4xx_HAL_Driver/stm32f4xx_hal_flash_ramfunc.o
LOAD Drivers/STM32F4xx_HAL_Driver/stm32f4xx_hal_gpio.o
LOAD Drivers/STM32F4xx_HAL_Driver/stm32f4xx_hal_pwr.o
LOAD Drivers/STM32F4xx_HAL_Driver/stm32f4xx_hal_pwr_ex.o
LOAD Drivers/STM32F4xx_HAL_Driver/stm32f4xx_hal_rcc.o
LOAD Drivers/STM32F4xx_HAL_Driver/stm32f4xx_hal_rcc_ex.o
LOAD Drivers/STM32F4xx_HAL_Driver/stm32f4xx_hal_spi.o
LOAD Drivers/STM32F4xx_HAL_Driver/stm32f4xx_hal_tim.o
LOAD Drivers/STM32F4xx_HAL_Driver/stm32f4xx_hal_tim_ex.o
LOAD d:/ac6/systemworkbench/plugins/fr.ac6.mcu.externaltools.arm-none.win32_1.13.3.201707031232/tools/compiler/bin/../lib/gcc/arm-none-eabi/5.4.1/../../../../arm-none-eabi/lib/armv7e-m/fpu\libm.a
START GROUP
LOAD d:/ac6/systemworkbench/plugins/fr.ac6.mcu.externaltools.arm-none.win32_1.13.3.201707031232/tools/compiler/bin/../lib/gcc/arm-none-eabi/5.4.1/armv7e-m/fpu\libgcc.a
LOAD d:/ac6/systemworkbench/plugins/fr.ac6.mcu.externaltools.arm-none.win32_1.13.3.201707031232/tools/compiler/bin/../lib/gcc/arm-none-eabi/5.4.1/../../../../arm-none-eabi/lib/armv7e-m/fpu\libc_nano.a
END GROUP
START GROUP
LOAD d:/ac6/systemworkbench/plugins/fr.ac6.mcu.externaltools.arm-none.win32_1.13.3.201707031232/tools/compiler/bin/../lib/gcc/arm-none-eabi/5.4.1/armv7e-m/fpu\libgcc.a
LOAD d:/ac6/systemworkbench/plugins/fr.ac6.mcu.externaltools.arm-none.win32_1.13.3.201707031232/tools/compiler/bin/../lib/gcc/arm-none-eabi/5.4.1/../../../../arm-none-eabi/lib/armv7e-m/fpu\libc_nano.a
LOAD d:/ac6/systemworkbench/plugins/fr.ac6.mcu.externaltools.arm-none.win32_1.13.3.201707031232/tools/compiler/bin/../lib/gcc/arm-none-eabi/5.4.1/../../../../arm-none-eabi/lib/armv7e-m/fpu\libnosys.a
END GROUP
START GROUP
LOAD d:/ac6/systemworkbench/plugins/fr.ac6.mcu.externaltools.arm-none.win32_1.13.3.201707031232/tools/compiler/bin/../lib/gcc/arm-none-eabi/5.4.1/armv7e-m/fpu\libgcc.a
LOAD d:/ac6/systemworkbench/plugins/fr.ac6.mcu.externaltools.arm-none.win32_1.13.3.201707031232/tools/compiler/bin/../lib/gcc/arm-none-eabi/5.4.1/../../../../arm-none-eabi/lib/armv7e-m/fpu\libc_nano.a
LOAD d:/ac6/systemworkbench/plugins/fr.ac6.mcu.externaltools.arm-none.win32_1.13.3.201707031232/tools/compiler/bin/../lib/gcc/arm-none-eabi/5.4.1/../../../../arm-none-eabi/lib/armv7e-m/fpu\libnosys.a
END GROUP
LOAD d:/ac6/systemworkbench/plugins/fr.ac6.mcu.externaltools.arm-none.win32_1.13.3.201707031232/tools/compiler/bin/../lib/gcc/arm-none-eabi/5.4.1/armv7e-m/fpu/crtend.o
LOAD d:/ac6/systemworkbench/plugins/fr.ac6.mcu.externaltools.arm-none.win32_1.13.3.201707031232/tools/compiler/bin/../lib/gcc/arm-none-eabi/5.4.1/armv7e-m/fpu/crtn.o
                0x20020000                _estack = 0x20020000
                0x00000200                _Min_Heap_Size = 0x200
                0x00000400                _Min_Stack_Size = 0x400

.isr_vector     0x08000000      0x198
                0x08000000                . = ALIGN (0x4)
 *(.isr_vector)
 .isr_vector    0x08000000      0x198 Application/SW4STM32/startup_stm32f411xe.o
                0x08000000                g_pfnVectors
                0x08000198                . = ALIGN (0x4)

.text           0x08000198     0x26c4
                0x08000198                . = ALIGN (0x4)
 *(.text)
 .text          0x08000198       0x5c d:/ac6/systemworkbench/plugins/fr.ac6.mcu.externaltools.arm-none.win32_1.13.3.201707031232/tools/compiler/bin/../lib/gcc/arm-none-eabi/5.4.1/armv7e-m/fpu/crtbegin.o
 *(.text*)
 .text.Reset_Handler
                0x080001f4       0x50 Application/SW4STM32/startup_stm32f411xe.o
                0x080001f4                Reset_Handler
 .text.Default_Handler
                0x08000244        0x2 Application/SW4STM32/startup_stm32f411xe.o
                0x08000244                RTC_Alarm_IRQHandler
                0x08000244                EXTI2_IRQHandler
                0x08000244                DebugMon_Handler
                0x08000244                SPI4_IRQHandler
                0x08000244                TIM1_CC_IRQHandler
                0x08000244                DMA2_Stream5_IRQHandler
                0x08000244                HardFault_Handler
                0x08000244                DMA1_Stream5_IRQHandler
                0x08000244                PVD_IRQHandler
                0x08000244                SDIO_IRQHandler
                0x08000244                TAMP_STAMP_IRQHandler
                0x08000244                PendSV_Handler
                0x08000244                NMI_Handler
                0x08000244                EXTI3_IRQHandler
                0x08000244                I2C3_ER_IRQHandler
                0x08000244                I2C2_EV_IRQHandler
                0x08000244                DMA1_Stream2_IRQHandler
                0x08000244                FPU_IRQHandler
                0x08000244                UsageFault_Handler
                0x08000244                TIM1_BRK_TIM9_IRQHandler
                0x08000244                DMA2_Stream3_IRQHandler
                0x08000244                USART6_IRQHandler
                0x08000244                TIM4_IRQHandler
                0x08000244                I2C1_EV_IRQHandler
                0x08000244                DMA1_Stream6_IRQHandler
                0x08000244                DMA1_Stream1_IRQHandler
                0x08000244                TIM3_IRQHandler
                0x08000244                RCC_IRQHandler
                0x08000244                Default_Handler
                0x08000244                EXTI15_10_IRQHandler
                0x08000244                ADC_IRQHandler
                0x08000244                DMA1_Stream7_IRQHandler
                0x08000244                SPI5_IRQHandler
                0x08000244                TIM5_IRQHandler
                0x08000244                DMA2_Stream7_IRQHandler
                0x08000244                I2C3_EV_IRQHandler
                0x08000244                EXTI9_5_IRQHandler
                0x08000244                RTC_WKUP_IRQHandler
                0x08000244                SPI2_IRQHandler
                0x08000244                MemManage_Handler
                0x08000244                DMA1_Stream0_IRQHandler
                0x08000244                SVC_Handler
                0x08000244                EXTI4_IRQHandler
                0x08000244                WWDG_IRQHandler
                0x08000244                TIM2_IRQHandler
                0x08000244                OTG_FS_WKUP_IRQHandler
                0x08000244                TIM1_TRG_COM_TIM11_IRQHandler
                0x08000244                EXTI1_IRQHandler
                0x08000244                USART2_IRQHandler
                0x08000244                I2C2_ER_IRQHandler
                0x08000244                DMA2_Stream1_IRQHandler
                0x08000244                FLASH_IRQHandler
                0x08000244                DMA2_Stream4_IRQHandler
                0x08000244                BusFault_Handler
                0x08000244                USART1_IRQHandler
                0x08000244                OTG_FS_IRQHandler
                0x08000244                SPI3_IRQHandler
                0x08000244                DMA1_Stream4_IRQHandler
                0x08000244                I2C1_ER_IRQHandler
                0x08000244                DMA2_Stream6_IRQHandler
                0x08000244                DMA1_Stream3_IRQHandler
 *fill*         0x08000246        0x2 
 .text._pow     0x08000248       0x18 Application/User/SSD1331.o
 .text.ssd1331_write_byte
                0x08000260       0x5c Application/User/SSD1331.o
 .text.ssd1331_draw_point
                0x080002bc       0x54 Application/User/SSD1331.o
                0x080002bc                ssd1331_draw_point
 .text.ssd1331_display_char
                0x08000310       0xa0 Application/User/SSD1331.o
                0x08000310                ssd1331_display_char
 .text.ssd1331_display_num
                0x080003b0       0x9c Application/User/SSD1331.o
                0x080003b0                ssd1331_display_num
 .text.ssd1331_clear_screen
                0x0800044c       0x28 Application/User/SSD1331.o
                0x0800044c                ssd1331_clear_screen
 .text.ssd1331_display_string
                0x08000474       0x64 Application/User/SSD1331.o
                0x08000474                ssd1331_display_string
 .text.ssd1331_init
                0x080004d8      0x158 Application/User/SSD1331.o
                0x080004d8                ssd1331_init
 .text.MX_GPIO_Init
                0x08000630      0x188 Application/User/main.o
 .text.MX_DMA_Init
                0x080007b8       0x44 Application/User/main.o
 .text.check_max
                0x080007fc       0x1c Application/User/main.o
                0x080007fc                check_max
 .text.count_time_for_heat_up
                0x08000818       0x2c Application/User/main.o
                0x08000818                count_time_for_heat_up
 .text.show_alko
                0x08000844       0x50 Application/User/main.o
                0x08000844                show_alko
 .text.HAL_TIM_PeriodElapsedCallback
                0x08000894       0x1c Application/User/main.o
                0x08000894                HAL_TIM_PeriodElapsedCallback
 .text.HAL_GPIO_EXTI_Callback
                0x080008b0       0x18 Application/User/main.o
                0x080008b0                HAL_GPIO_EXTI_Callback
 .text._Error_Handler
                0x080008c8        0x4 Application/User/main.o
                0x080008c8                _Error_Handler
 .text.MX_SPI1_Init
                0x080008cc       0x4c Application/User/main.o
 .text.MX_ADC1_Init
                0x08000918       0x70 Application/User/main.o
 .text.MX_TIM10_Init
                0x08000988       0x38 Application/User/main.o
 .text.SystemClock_Config
                0x080009c0       0xc4 Application/User/main.o
                0x080009c0                SystemClock_Config
 .text.main     0x08000a84      0x198 Application/User/main.o
                0x08000a84                main
 .text.HAL_MspInit
                0x08000c1c       0x60 Application/User/stm32f4xx_hal_msp.o
                0x08000c1c                HAL_MspInit
 .text.HAL_ADC_MspInit
                0x08000c7c       0x90 Application/User/stm32f4xx_hal_msp.o
                0x08000c7c                HAL_ADC_MspInit
 .text.HAL_SPI_MspInit
                0x08000d0c       0xa4 Application/User/stm32f4xx_hal_msp.o
                0x08000d0c                HAL_SPI_MspInit
 .text.HAL_TIM_Base_MspInit
                0x08000db0       0x40 Application/User/stm32f4xx_hal_msp.o
                0x08000db0                HAL_TIM_Base_MspInit
 .text.SysTick_Handler
                0x08000df0        0xc Application/User/stm32f4xx_it.o
                0x08000df0                SysTick_Handler
 .text.EXTI0_IRQHandler
                0x08000dfc        0xc Application/User/stm32f4xx_it.o
                0x08000dfc                EXTI0_IRQHandler
 .text.TIM1_UP_TIM10_IRQHandler
                0x08000e08       0x10 Application/User/stm32f4xx_it.o
                0x08000e08                TIM1_UP_TIM10_IRQHandler
 .text.SPI1_IRQHandler
                0x08000e18       0x10 Application/User/stm32f4xx_it.o
                0x08000e18                SPI1_IRQHandler
 .text.DMA2_Stream0_IRQHandler
                0x08000e28       0x10 Application/User/stm32f4xx_it.o
                0x08000e28                DMA2_Stream0_IRQHandler
 .text.DMA2_Stream2_IRQHandler
                0x08000e38       0x10 Application/User/stm32f4xx_it.o
                0x08000e38                DMA2_Stream2_IRQHandler
 .text.SystemInit
                0x08000e48       0x4c Drivers/CMSIS/system_stm32f4xx.o
                0x08000e48                SystemInit
 .text.HAL_InitTick
                0x08000e94       0x2c Drivers/STM32F4xx_HAL_Driver/stm32f4xx_hal.o
                0x08000e94                HAL_InitTick
 .text.HAL_Init
                0x08000ec0       0x34 Drivers/STM32F4xx_HAL_Driver/stm32f4xx_hal.o
                0x08000ec0                HAL_Init
 .text.HAL_IncTick
                0x08000ef4       0x10 Drivers/STM32F4xx_HAL_Driver/stm32f4xx_hal.o
                0x08000ef4                HAL_IncTick
 .text.HAL_GetTick
                0x08000f04        0xc Drivers/STM32F4xx_HAL_Driver/stm32f4xx_hal.o
                0x08000f04                HAL_GetTick
 .text.HAL_Delay
                0x08000f10       0x24 Drivers/STM32F4xx_HAL_Driver/stm32f4xx_hal.o
                0x08000f10                HAL_Delay
 .text.ADC_Init
                0x08000f34      0x138 Drivers/STM32F4xx_HAL_Driver/stm32f4xx_hal_adc.o
 .text.HAL_ADC_Init
                0x0800106c       0x54 Drivers/STM32F4xx_HAL_Driver/stm32f4xx_hal_adc.o
                0x0800106c                HAL_ADC_Init
 .text.HAL_ADC_Start_DMA
                0x080010c0      0x140 Drivers/STM32F4xx_HAL_Driver/stm32f4xx_hal_adc.o
                0x080010c0                HAL_ADC_Start_DMA
 .text.HAL_ADC_ConvCpltCallback
                0x08001200        0x4 Drivers/STM32F4xx_HAL_Driver/stm32f4xx_hal_adc.o
                0x08001200                HAL_ADC_ConvCpltCallback
 .text.ADC_DMAConvCplt
                0x08001204       0x64 Drivers/STM32F4xx_HAL_Driver/stm32f4xx_hal_adc.o
 .text.HAL_ADC_ConvHalfCpltCallback
                0x08001268        0x4 Drivers/STM32F4xx_HAL_Driver/stm32f4xx_hal_adc.o
                0x08001268                HAL_ADC_ConvHalfCpltCallback
 .text.ADC_DMAHalfConvCplt
                0x0800126c        0xc Drivers/STM32F4xx_HAL_Driver/stm32f4xx_hal_adc.o
 .text.HAL_ADC_ErrorCallback
                0x08001278        0x4 Drivers/STM32F4xx_HAL_Driver/stm32f4xx_hal_adc.o
                0x08001278                HAL_ADC_ErrorCallback
 .text.ADC_DMAError
                0x0800127c       0x18 Drivers/STM32F4xx_HAL_Driver/stm32f4xx_hal_adc.o
 .text.HAL_ADC_ConfigChannel
                0x08001294      0x190 Drivers/STM32F4xx_HAL_Driver/stm32f4xx_hal_adc.o
                0x08001294                HAL_ADC_ConfigChannel
 .text.HAL_NVIC_SetPriorityGrouping
                0x08001424       0x24 Drivers/STM32F4xx_HAL_Driver/stm32f4xx_hal_cortex.o
                0x08001424                HAL_NVIC_SetPriorityGrouping
 .text.HAL_NVIC_SetPriority
                0x08001448       0x64 Drivers/STM32F4xx_HAL_Driver/stm32f4xx_hal_cortex.o
                0x08001448                HAL_NVIC_SetPriority
 .text.HAL_NVIC_EnableIRQ
                0x080014ac       0x18 Drivers/STM32F4xx_HAL_Driver/stm32f4xx_hal_cortex.o
                0x080014ac                HAL_NVIC_EnableIRQ
 .text.HAL_SYSTICK_Config
                0x080014c4       0x2c Drivers/STM32F4xx_HAL_Driver/stm32f4xx_hal_cortex.o
                0x080014c4                HAL_SYSTICK_Config
 .text.HAL_SYSTICK_CLKSourceConfig
                0x080014f0       0x20 Drivers/STM32F4xx_HAL_Driver/stm32f4xx_hal_cortex.o
                0x080014f0                HAL_SYSTICK_CLKSourceConfig
 .text.HAL_SYSTICK_Callback
                0x08001510        0x4 Drivers/STM32F4xx_HAL_Driver/stm32f4xx_hal_cortex.o
                0x08001510                HAL_SYSTICK_Callback
 .text.HAL_SYSTICK_IRQHandler
                0x08001514        0x8 Drivers/STM32F4xx_HAL_Driver/stm32f4xx_hal_cortex.o
                0x08001514                HAL_SYSTICK_IRQHandler
 .text.DMA_SetConfig
                0x0800151c       0x2c Drivers/STM32F4xx_HAL_Driver/stm32f4xx_hal_dma.o
 .text.DMA_CalcBaseAndBitshift
                0x08001548       0x3c Drivers/STM32F4xx_HAL_Driver/stm32f4xx_hal_dma.o
 .text.DMA_CheckFifoParam
                0x08001584       0x90 Drivers/STM32F4xx_HAL_Driver/stm32f4xx_hal_dma.o
 .text.HAL_DMA_Init
                0x08001614       0xd0 Drivers/STM32F4xx_HAL_Driver/stm32f4xx_hal_dma.o
                0x08001614                HAL_DMA_Init
 .text.HAL_DMA_Start_IT
                0x080016e4       0x74 Drivers/STM32F4xx_HAL_Driver/stm32f4xx_hal_dma.o
                0x080016e4                HAL_DMA_Start_IT
 .text.HAL_DMA_Abort_IT
                0x08001758       0x28 Drivers/STM32F4xx_HAL_Driver/stm32f4xx_hal_dma.o
                0x08001758                HAL_DMA_Abort_IT
 .text.HAL_DMA_IRQHandler
                0x08001780      0x1e0 Drivers/STM32F4xx_HAL_Driver/stm32f4xx_hal_dma.o
                0x08001780                HAL_DMA_IRQHandler
 .text.HAL_GPIO_Init
                0x08001960      0x19c Drivers/STM32F4xx_HAL_Driver/stm32f4xx_hal_gpio.o
                0x08001960                HAL_GPIO_Init
 .text.HAL_GPIO_WritePin
                0x08001afc        0xc Drivers/STM32F4xx_HAL_Driver/stm32f4xx_hal_gpio.o
                0x08001afc                HAL_GPIO_WritePin
 .text.HAL_GPIO_EXTI_IRQHandler
                0x08001b08       0x18 Drivers/STM32F4xx_HAL_Driver/stm32f4xx_hal_gpio.o
                0x08001b08                HAL_GPIO_EXTI_IRQHandler
 .text.HAL_RCC_OscConfig
                0x08001b20      0x3c8 Drivers/STM32F4xx_HAL_Driver/stm32f4xx_hal_rcc.o
                0x08001b20                HAL_RCC_OscConfig
 .text.HAL_RCC_GetSysClockFreq
                0x08001ee8       0xa4 Drivers/STM32F4xx_HAL_Driver/stm32f4xx_hal_rcc.o
                0x08001ee8                HAL_RCC_GetSysClockFreq
 .text.HAL_RCC_ClockConfig
                0x08001f8c      0x1b0 Drivers/STM32F4xx_HAL_Driver/stm32f4xx_hal_rcc.o
                0x08001f8c                HAL_RCC_ClockConfig
 .text.HAL_RCC_GetHCLKFreq
                0x0800213c        0xc Drivers/STM32F4xx_HAL_Driver/stm32f4xx_hal_rcc.o
                0x0800213c                HAL_RCC_GetHCLKFreq
 .text.SPI_WaitFlagStateUntilTimeout
                0x08002148       0x94 Drivers/STM32F4xx_HAL_Driver/stm32f4xx_hal_spi.o
 .text.SPI_CheckFlag_BSY
                0x080021dc       0x28 Drivers/STM32F4xx_HAL_Driver/stm32f4xx_hal_spi.o
 .text.HAL_SPI_Init
                0x08002204       0x84 Drivers/STM32F4xx_HAL_Driver/stm32f4xx_hal_spi.o
                0x08002204                HAL_SPI_Init
 .text.HAL_SPI_Transmit
                0x08002288      0x1b0 Drivers/STM32F4xx_HAL_Driver/stm32f4xx_hal_spi.o
                0x08002288                HAL_SPI_Transmit
 .text.HAL_SPI_ErrorCallback
                0x08002438        0x4 Drivers/STM32F4xx_HAL_Driver/stm32f4xx_hal_spi.o
                0x08002438                HAL_SPI_ErrorCallback
 .text.HAL_SPI_IRQHandler
                0x0800243c      0x104 Drivers/STM32F4xx_HAL_Driver/stm32f4xx_hal_spi.o
                0x0800243c                HAL_SPI_IRQHandler
 .text.SPI_DMAAbortOnError
                0x08002540       0x10 Drivers/STM32F4xx_HAL_Driver/stm32f4xx_hal_spi.o
 .text.HAL_TIM_Base_Start_IT
                0x08002550       0x18 Drivers/STM32F4xx_HAL_Driver/stm32f4xx_hal_tim.o
                0x08002550                HAL_TIM_Base_Start_IT
 .text.HAL_TIM_OC_DelayElapsedCallback
                0x08002568        0x4 Drivers/STM32F4xx_HAL_Driver/stm32f4xx_hal_tim.o
                0x08002568                HAL_TIM_OC_DelayElapsedCallback
 .text.HAL_TIM_IC_CaptureCallback
                0x0800256c        0x4 Drivers/STM32F4xx_HAL_Driver/stm32f4xx_hal_tim.o
                0x0800256c                HAL_TIM_IC_CaptureCallback
 .text.HAL_TIM_PWM_PulseFinishedCallback
                0x08002570        0x4 Drivers/STM32F4xx_HAL_Driver/stm32f4xx_hal_tim.o
                0x08002570                HAL_TIM_PWM_PulseFinishedCallback
 .text.HAL_TIM_TriggerCallback
                0x08002574        0x4 Drivers/STM32F4xx_HAL_Driver/stm32f4xx_hal_tim.o
                0x08002574                HAL_TIM_TriggerCallback
 .text.HAL_TIM_IRQHandler
                0x08002578      0x174 Drivers/STM32F4xx_HAL_Driver/stm32f4xx_hal_tim.o
                0x08002578                HAL_TIM_IRQHandler
 .text.TIM_Base_SetConfig
                0x080026ec       0xcc Drivers/STM32F4xx_HAL_Driver/stm32f4xx_hal_tim.o
                0x080026ec                TIM_Base_SetConfig
 .text.HAL_TIM_Base_Init
                0x080027b8       0x38 Drivers/STM32F4xx_HAL_Driver/stm32f4xx_hal_tim.o
                0x080027b8                HAL_TIM_Base_Init
 .text.HAL_TIMEx_CommutationCallback
                0x080027f0        0x4 Drivers/STM32F4xx_HAL_Driver/stm32f4xx_hal_tim_ex.o
                0x080027f0                HAL_TIMEx_CommutationCallback
 .text.HAL_TIMEx_BreakCallback
                0x080027f4        0x4 Drivers/STM32F4xx_HAL_Driver/stm32f4xx_hal_tim_ex.o
                0x080027f4                HAL_TIMEx_BreakCallback
 .text.__libc_init_array
                0x080027f8       0x4c d:/ac6/systemworkbench/plugins/fr.ac6.mcu.externaltools.arm-none.win32_1.13.3.201707031232/tools/compiler/bin/../lib/gcc/arm-none-eabi/5.4.1/../../../../arm-none-eabi/lib/armv7e-m/fpu\libc_nano.a(lib_a-init.o)
                0x080027f8                __libc_init_array
 *(.glue_7)
 .glue_7        0x08002844        0x0 linker stubs
 *(.glue_7t)
 .glue_7t       0x08002844        0x0 linker stubs
 *(.eh_frame)
 .eh_frame      0x08002844        0x0 d:/ac6/systemworkbench/plugins/fr.ac6.mcu.externaltools.arm-none.win32_1.13.3.201707031232/tools/compiler/bin/../lib/gcc/arm-none-eabi/5.4.1/armv7e-m/fpu/crtbegin.o
 *(.init)
 .init          0x08002844        0x4 d:/ac6/systemworkbench/plugins/fr.ac6.mcu.externaltools.arm-none.win32_1.13.3.201707031232/tools/compiler/bin/../lib/gcc/arm-none-eabi/5.4.1/armv7e-m/fpu/crti.o
                0x08002844                _init
 .init          0x08002848        0x8 d:/ac6/systemworkbench/plugins/fr.ac6.mcu.externaltools.arm-none.win32_1.13.3.201707031232/tools/compiler/bin/../lib/gcc/arm-none-eabi/5.4.1/armv7e-m/fpu/crtn.o
 *(.fini)
 .fini          0x08002850        0x4 d:/ac6/systemworkbench/plugins/fr.ac6.mcu.externaltools.arm-none.win32_1.13.3.201707031232/tools/compiler/bin/../lib/gcc/arm-none-eabi/5.4.1/armv7e-m/fpu/crti.o
                0x08002850                _fini
 .fini          0x08002854        0x8 d:/ac6/systemworkbench/plugins/fr.ac6.mcu.externaltools.arm-none.win32_1.13.3.201707031232/tools/compiler/bin/../lib/gcc/arm-none-eabi/5.4.1/armv7e-m/fpu/crtn.o
                0x0800285c                . = ALIGN (0x4)
                0x0800285c                _etext = .

.vfp11_veneer   0x0800285c        0x0
 .vfp11_veneer  0x0800285c        0x0 linker stubs

.v4_bx          0x0800285c        0x0
 .v4_bx         0x0800285c        0x0 linker stubs

.iplt           0x0800285c        0x0
 .iplt          0x0800285c        0x0 d:/ac6/systemworkbench/plugins/fr.ac6.mcu.externaltools.arm-none.win32_1.13.3.201707031232/tools/compiler/bin/../lib/gcc/arm-none-eabi/5.4.1/armv7e-m/fpu/crtbegin.o

.rodata         0x0800285c      0xfd4
                0x0800285c                . = ALIGN (0x4)
 *(.rodata)
 .rodata        0x0800285c      0xf2c Application/User/Fonts.o
                0x0800285c                c_chAlarm88
                0x08002864                c_chGPRS88
                0x0800286c                c_chBluetooth88
                0x08002874                c_chBat816
                0x08002884                c_chMsg816
                0x08002894                c_chSingal816
                0x080028a4                c_chBmp4016
                0x08002904                c_chFont3216
                0x08002bc4                c_chFont1612
                0x08002d24                c_chFont1608
                0x08003314                c_chFont1206
 .rodata        0x08003788       0x18 Drivers/CMSIS/system_stm32f4xx.o
                0x08003788                AHBPrescTable
                0x08003798                APBPrescTable
 .rodata        0x080037a0        0x8 Drivers/STM32F4xx_HAL_Driver/stm32f4xx_hal_dma.o
 *(.rodata*)
 .rodata.str1.4
                0x080037a8       0x53 Application/User/main.o
 *fill*         0x080037fb        0x1 
 .rodata.str1.4
                0x080037fc       0x34 Application/User/stm32f4xx_hal_msp.o
                                 0x32 (size before relaxing)
                0x08003830                . = ALIGN (0x4)

.rel.dyn        0x08003830        0x0
 .rel.iplt      0x08003830        0x0 d:/ac6/systemworkbench/plugins/fr.ac6.mcu.externaltools.arm-none.win32_1.13.3.201707031232/tools/compiler/bin/../lib/gcc/arm-none-eabi/5.4.1/armv7e-m/fpu/crtbegin.o

.ARM.extab
 *(.ARM.extab* .gnu.linkonce.armextab.*)

.ARM            0x08003830        0x0
                0x08003830                __exidx_start = .
 *(.ARM.exidx*)
                0x08003830                __exidx_end = .

.preinit_array  0x08003830        0x0
                0x08003830                PROVIDE (__preinit_array_start, .)
 *(.preinit_array*)
                0x08003830                PROVIDE (__preinit_array_end, .)

.init_array     0x08003830        0x4
                0x08003830                PROVIDE (__init_array_start, .)
 *(SORT(.init_array.*))
 *(.init_array*)
 .init_array    0x08003830        0x4 d:/ac6/systemworkbench/plugins/fr.ac6.mcu.externaltools.arm-none.win32_1.13.3.201707031232/tools/compiler/bin/../lib/gcc/arm-none-eabi/5.4.1/armv7e-m/fpu/crtbegin.o
                0x08003834                PROVIDE (__init_array_end, .)

.fini_array     0x08003834        0x4
                [!provide]                PROVIDE (__fini_array_start, .)
 *(SORT(.fini_array.*))
 *(.fini_array*)
 .fini_array    0x08003834        0x4 d:/ac6/systemworkbench/plugins/fr.ac6.mcu.externaltools.arm-none.win32_1.13.3.201707031232/tools/compiler/bin/../lib/gcc/arm-none-eabi/5.4.1/armv7e-m/fpu/crtbegin.o
                [!provide]                PROVIDE (__fini_array_end, .)
                0x08003838                _sidata = LOADADDR (.data)

.data           0x20000000        0x4 load address 0x08003838
                0x20000000                . = ALIGN (0x4)
                0x20000000                _sdata = .
 *(.data)
 .data          0x20000000        0x4 Drivers/CMSIS/system_stm32f4xx.o
                0x20000000                SystemCoreClock
 *(.data*)
                0x20000004                . = ALIGN (0x4)
                0x20000004                _edata = .

.jcr            0x20000004        0x0 load address 0x0800383c
 .jcr           0x20000004        0x0 d:/ac6/systemworkbench/plugins/fr.ac6.mcu.externaltools.arm-none.win32_1.13.3.201707031232/tools/compiler/bin/../lib/gcc/arm-none-eabi/5.4.1/armv7e-m/fpu/crtbegin.o

.igot.plt       0x20000004        0x0 load address 0x0800383c
 .igot.plt      0x20000004        0x0 d:/ac6/systemworkbench/plugins/fr.ac6.mcu.externaltools.arm-none.win32_1.13.3.201707031232/tools/compiler/bin/../lib/gcc/arm-none-eabi/5.4.1/armv7e-m/fpu/crtbegin.o
                0x20000004                . = ALIGN (0x4)

.bss            0x20000004      0x1d8 load address 0x0800383c
                0x20000004                _sbss = .
                0x20000004                __bss_start__ = _sbss
 *(.bss)
 .bss           0x20000004       0x1c d:/ac6/systemworkbench/plugins/fr.ac6.mcu.externaltools.arm-none.win32_1.13.3.201707031232/tools/compiler/bin/../lib/gcc/arm-none-eabi/5.4.1/armv7e-m/fpu/crtbegin.o
 .bss           0x20000020       0x10 Application/User/main.o
                0x20000020                timer
                0x20000024                initialized
                0x20000028                interrupt_init
                0x2000002c                temp_alko
 *(.bss*)
 *(COMMON)
 COMMON         0x20000030      0x1a8 Application/User/main.o
                0x20000030                htim10
                0x2000006c                alko
                0x20000070                hadc1
                0x200000b8                max
                0x200000bc                hdma_adc1
                0x2000011c                color
                0x20000120                hspi1
                0x20000178                hdma_spi1_tx
 COMMON         0x200001d8        0x4 Drivers/STM32F4xx_HAL_Driver/stm32f4xx_hal.o
                0x200001d8                uwTick
                0x200001dc                . = ALIGN (0x4)
                0x200001dc                _ebss = .
                0x200001dc                __bss_end__ = _ebss

._user_heap_stack
                0x200001dc      0x604 load address 0x0800383c
                0x200001e0                . = ALIGN (0x8)
 *fill*         0x200001dc        0x4 
                [!provide]                PROVIDE (end, .)
                [!provide]                PROVIDE (_end, .)
                0x200003e0                . = (. + _Min_Heap_Size)
 *fill*         0x200001e0      0x200 
                0x200007e0                . = (. + _Min_Stack_Size)
 *fill*         0x200003e0      0x400 
                0x200007e0                . = ALIGN (0x8)

/DISCARD/
 libc.a(*)
 libm.a(*)
 libgcc.a(*)

.ARM.attributes
                0x00000000       0x30
 *(.ARM.attributes)
 .ARM.attributes
                0x00000000       0x22 d:/ac6/systemworkbench/plugins/fr.ac6.mcu.externaltools.arm-none.win32_1.13.3.201707031232/tools/compiler/bin/../lib/gcc/arm-none-eabi/5.4.1/armv7e-m/fpu/crti.o
 .ARM.attributes
                0x00000022       0x34 d:/ac6/systemworkbench/plugins/fr.ac6.mcu.externaltools.arm-none.win32_1.13.3.201707031232/tools/compiler/bin/../lib/gcc/arm-none-eabi/5.4.1/armv7e-m/fpu/crtbegin.o
 .ARM.attributes
                0x00000056       0x21 Application/SW4STM32/startup_stm32f411xe.o
 .ARM.attributes
                0x00000077       0x39 Application/User/Fonts.o
 .ARM.attributes
                0x000000b0       0x39 Application/User/SSD1331.o
 .ARM.attributes
                0x000000e9       0x39 Application/User/main.o
 .ARM.attributes
                0x00000122       0x39 Application/User/stm32f4xx_hal_msp.o
 .ARM.attributes
                0x0000015b       0x39 Application/User/stm32f4xx_it.o
 .ARM.attributes
                0x00000194       0x39 Drivers/CMSIS/system_stm32f4xx.o
 .ARM.attributes
                0x000001cd       0x39 Drivers/STM32F4xx_HAL_Driver/stm32f4xx_hal.o
 .ARM.attributes
                0x00000206       0x39 Drivers/STM32F4xx_HAL_Driver/stm32f4xx_hal_adc.o
 .ARM.attributes
                0x0000023f       0x39 Drivers/STM32F4xx_HAL_Driver/stm32f4xx_hal_cortex.o
 .ARM.attributes
                0x00000278       0x39 Drivers/STM32F4xx_HAL_Driver/stm32f4xx_hal_dma.o
 .ARM.attributes
                0x000002b1       0x39 Drivers/STM32F4xx_HAL_Driver/stm32f4xx_hal_gpio.o
 .ARM.attributes
                0x000002ea       0x39 Drivers/STM32F4xx_HAL_Driver/stm32f4xx_hal_rcc.o
 .ARM.attributes
                0x00000323       0x39 Drivers/STM32F4xx_HAL_Driver/stm32f4xx_hal_spi.o
 .ARM.attributes
                0x0000035c       0x39 Drivers/STM32F4xx_HAL_Driver/stm32f4xx_hal_tim.o
 .ARM.attributes
                0x00000395       0x39 Drivers/STM32F4xx_HAL_Driver/stm32f4xx_hal_tim_ex.o
 .ARM.attributes
                0x000003ce       0x34 d:/ac6/systemworkbench/plugins/fr.ac6.mcu.externaltools.arm-none.win32_1.13.3.201707031232/tools/compiler/bin/../lib/gcc/arm-none-eabi/5.4.1/../../../../arm-none-eabi/lib/armv7e-m/fpu\libc_nano.a(lib_a-init.o)
 .ARM.attributes
                0x00000402       0x22 d:/ac6/systemworkbench/plugins/fr.ac6.mcu.externaltools.arm-none.win32_1.13.3.201707031232/tools/compiler/bin/../lib/gcc/arm-none-eabi/5.4.1/armv7e-m/fpu/crtn.o
OUTPUT(alko_v2.elf elf32-littlearm)

.debug_line     0x00000000     0xa696
 .debug_line    0x00000000       0x97 Application/SW4STM32/startup_stm32f411xe.o
 .debug_line    0x00000097      0x7a9 Application/User/Fonts.o
 .debug_line    0x00000840      0xb0a Application/User/SSD1331.o
 .debug_line    0x0000134a      0x982 Application/User/main.o
 .debug_line    0x00001ccc      0x841 Application/User/stm32f4xx_hal_msp.o
 .debug_line    0x0000250d      0x7f7 Application/User/stm32f4xx_it.o
 .debug_line    0x00002d04      0x7be Drivers/CMSIS/system_stm32f4xx.o
 .debug_line    0x000034c2      0x945 Drivers/STM32F4xx_HAL_Driver/stm32f4xx_hal.o
 .debug_line    0x00003e07      0xbe6 Drivers/STM32F4xx_HAL_Driver/stm32f4xx_hal_adc.o
 .debug_line    0x000049ed      0x9a2 Drivers/STM32F4xx_HAL_Driver/stm32f4xx_hal_cortex.o
 .debug_line    0x0000538f      0xaa5 Drivers/STM32F4xx_HAL_Driver/stm32f4xx_hal_dma.o
 .debug_line    0x00005e34      0x8fc Drivers/STM32F4xx_HAL_Driver/stm32f4xx_hal_gpio.o
 .debug_line    0x00006730      0xac2 Drivers/STM32F4xx_HAL_Driver/stm32f4xx_hal_rcc.o
 .debug_line    0x000071f2     0x1110 Drivers/STM32F4xx_HAL_Driver/stm32f4xx_hal_spi.o
 .debug_line    0x00008302     0x1658 Drivers/STM32F4xx_HAL_Driver/stm32f4xx_hal_tim.o
 .debug_line    0x0000995a      0xd3c Drivers/STM32F4xx_HAL_Driver/stm32f4xx_hal_tim_ex.o

.debug_info     0x00000000     0xf82d
 .debug_info    0x00000000       0x8e Application/SW4STM32/startup_stm32f411xe.o
 .debug_info    0x0000008e      0x23f Application/User/Fonts.o
 .debug_info    0x000002cd     0x1709 Application/User/SSD1331.o
 .debug_info    0x000019d6     0x1efa Application/User/main.o
 .debug_info    0x000038d0     0x12ab Application/User/stm32f4xx_hal_msp.o
 .debug_info    0x00004b7b      0x938 Application/User/stm32f4xx_it.o
 .debug_info    0x000054b3      0x52a Drivers/CMSIS/system_stm32f4xx.o
 .debug_info    0x000059dd      0x8bc Drivers/STM32F4xx_HAL_Driver/stm32f4xx_hal.o
 .debug_info    0x00006299      0xdd0 Drivers/STM32F4xx_HAL_Driver/stm32f4xx_hal_adc.o
 .debug_info    0x00007069      0xe7d Drivers/STM32F4xx_HAL_Driver/stm32f4xx_hal_cortex.o
 .debug_info    0x00007ee6      0xa5a Drivers/STM32F4xx_HAL_Driver/stm32f4xx_hal_dma.o
 .debug_info    0x00008940      0x753 Drivers/STM32F4xx_HAL_Driver/stm32f4xx_hal_gpio.o
 .debug_info    0x00009093      0xd0f Drivers/STM32F4xx_HAL_Driver/stm32f4xx_hal_rcc.o
 .debug_info    0x00009da2     0x19e2 Drivers/STM32F4xx_HAL_Driver/stm32f4xx_hal_spi.o
 .debug_info    0x0000b784     0x2e0c Drivers/STM32F4xx_HAL_Driver/stm32f4xx_hal_tim.o
 .debug_info    0x0000e590     0x129d Drivers/STM32F4xx_HAL_Driver/stm32f4xx_hal_tim_ex.o

.debug_abbrev   0x00000000     0x1fbb
 .debug_abbrev  0x00000000       0x12 Application/SW4STM32/startup_stm32f411xe.o
 .debug_abbrev  0x00000012       0x89 Application/User/Fonts.o
 .debug_abbrev  0x0000009b      0x277 Application/User/SSD1331.o
 .debug_abbrev  0x00000312      0x321 Application/User/main.o
 .debug_abbrev  0x00000633      0x1cb Application/User/stm32f4xx_hal_msp.o
 .debug_abbrev  0x000007fe      0x18c Application/User/stm32f4xx_it.o
 .debug_abbrev  0x0000098a      0x104 Drivers/CMSIS/system_stm32f4xx.o
 .debug_abbrev  0x00000a8e      0x287 Drivers/STM32F4xx_HAL_Driver/stm32f4xx_hal.o
 .debug_abbrev  0x00000d15      0x244 Drivers/STM32F4xx_HAL_Driver/stm32f4xx_hal_adc.o
 .debug_abbrev  0x00000f59      0x2fe Drivers/STM32F4xx_HAL_Driver/stm32f4xx_hal_cortex.o
 .debug_abbrev  0x00001257      0x256 Drivers/STM32F4xx_HAL_Driver/stm32f4xx_hal_dma.o
 .debug_abbrev  0x000014ad      0x1cd Drivers/STM32F4xx_HAL_Driver/stm32f4xx_hal_gpio.o
 .debug_abbrev  0x0000167a      0x2b0 Drivers/STM32F4xx_HAL_Driver/stm32f4xx_hal_rcc.o
 .debug_abbrev  0x0000192a      0x23d Drivers/STM32F4xx_HAL_Driver/stm32f4xx_hal_spi.o
 .debug_abbrev  0x00001b67      0x22a Drivers/STM32F4xx_HAL_Driver/stm32f4xx_hal_tim.o
 .debug_abbrev  0x00001d91      0x22a Drivers/STM32F4xx_HAL_Driver/stm32f4xx_hal_tim_ex.o

.debug_aranges  0x00000000      0xc58
 .debug_aranges
                0x00000000       0x28 Application/SW4STM32/startup_stm32f411xe.o
 .debug_aranges
                0x00000028       0x18 Application/User/Fonts.o
 .debug_aranges
                0x00000040       0xa0 Application/User/SSD1331.o
 .debug_aranges
                0x000000e0       0x80 Application/User/main.o
 .debug_aranges
                0x00000160       0x50 Application/User/stm32f4xx_hal_msp.o
 .debug_aranges
                0x000001b0       0x48 Application/User/stm32f4xx_it.o
 .debug_aranges
                0x000001f8       0x28 Drivers/CMSIS/system_stm32f4xx.o
 .debug_aranges
                0x00000220       0xc8 Drivers/STM32F4xx_HAL_Driver/stm32f4xx_hal.o
 .debug_aranges
                0x000002e8       0xe8 Drivers/STM32F4xx_HAL_Driver/stm32f4xx_hal_adc.o
 .debug_aranges
                0x000003d0       0xa8 Drivers/STM32F4xx_HAL_Driver/stm32f4xx_hal_cortex.o
 .debug_aranges
                0x00000478       0x90 Drivers/STM32F4xx_HAL_Driver/stm32f4xx_hal_dma.o
 .debug_aranges
                0x00000508       0x58 Drivers/STM32F4xx_HAL_Driver/stm32f4xx_hal_gpio.o
 .debug_aranges
                0x00000560       0x88 Drivers/STM32F4xx_HAL_Driver/stm32f4xx_hal_rcc.o
 .debug_aranges
                0x000005e8      0x1c8 Drivers/STM32F4xx_HAL_Driver/stm32f4xx_hal_spi.o
 .debug_aranges
                0x000007b0      0x368 Drivers/STM32F4xx_HAL_Driver/stm32f4xx_hal_tim.o
 .debug_aranges
                0x00000b18      0x140 Drivers/STM32F4xx_HAL_Driver/stm32f4xx_hal_tim_ex.o

.debug_ranges   0x00000000      0xb58
 .debug_ranges  0x00000000       0x20 Application/SW4STM32/startup_stm32f411xe.o
 .debug_ranges  0x00000020       0x90 Application/User/SSD1331.o
 .debug_ranges  0x000000b0       0x70 Application/User/main.o
 .debug_ranges  0x00000120       0x40 Application/User/stm32f4xx_hal_msp.o
 .debug_ranges  0x00000160       0x38 Application/User/stm32f4xx_it.o
 .debug_ranges  0x00000198       0x18 Drivers/CMSIS/system_stm32f4xx.o
 .debug_ranges  0x000001b0       0xb8 Drivers/STM32F4xx_HAL_Driver/stm32f4xx_hal.o
 .debug_ranges  0x00000268       0xd8 Drivers/STM32F4xx_HAL_Driver/stm32f4xx_hal_adc.o
 .debug_ranges  0x00000340       0x98 Drivers/STM32F4xx_HAL_Driver/stm32f4xx_hal_cortex.o
 .debug_ranges  0x000003d8       0x80 Drivers/STM32F4xx_HAL_Driver/stm32f4xx_hal_dma.o
 .debug_ranges  0x00000458       0x48 Drivers/STM32F4xx_HAL_Driver/stm32f4xx_hal_gpio.o
 .debug_ranges  0x000004a0       0x78 Drivers/STM32F4xx_HAL_Driver/stm32f4xx_hal_rcc.o
 .debug_ranges  0x00000518      0x1b8 Drivers/STM32F4xx_HAL_Driver/stm32f4xx_hal_spi.o
 .debug_ranges  0x000006d0      0x358 Drivers/STM32F4xx_HAL_Driver/stm32f4xx_hal_tim.o
 .debug_ranges  0x00000a28      0x130 Drivers/STM32F4xx_HAL_Driver/stm32f4xx_hal_tim_ex.o

.debug_macro    0x00000000    0x17bb0
 .debug_macro   0x00000000      0x35c Application/User/Fonts.o
 .debug_macro   0x0000035c      0x898 Application/User/Fonts.o
 .debug_macro   0x00000bf4       0x82 Application/User/Fonts.o
 .debug_macro   0x00000c76      0x186 Application/User/Fonts.o
 .debug_macro   0x00000dfc       0x33 Application/User/Fonts.o
 .debug_macro   0x00000e2f       0x28 Application/User/Fonts.o
 .debug_macro   0x00000e57       0x22 Application/User/Fonts.o
 .debug_macro   0x00000e79       0x87 Application/User/Fonts.o
 .debug_macro   0x00000f00       0x44 Application/User/Fonts.o
 .debug_macro   0x00000f44       0xfd Application/User/Fonts.o
 .debug_macro   0x00001041       0x5e Application/User/Fonts.o
 .debug_macro   0x0000109f      0x1df Application/User/Fonts.o
 .debug_macro   0x0000127e       0x35 Application/User/Fonts.o
 .debug_macro   0x000012b3       0x50 Application/User/Fonts.o
 .debug_macro   0x00001303      0xe66 Application/User/Fonts.o
 .debug_macro   0x00002169     0xb906 Application/User/Fonts.o
 .debug_macro   0x0000da6f       0x43 Application/User/Fonts.o
 .debug_macro   0x0000dab2     0x3574 Application/User/Fonts.o
 .debug_macro   0x00011026       0x52 Application/User/Fonts.o
 .debug_macro   0x00011078       0x35 Application/User/Fonts.o
 .debug_macro   0x000110ad       0x9c Application/User/Fonts.o
 .debug_macro   0x00011149       0x16 Application/User/Fonts.o
 .debug_macro   0x0001115f       0x97 Application/User/Fonts.o
 .debug_macro   0x000111f6      0x30d Application/User/Fonts.o
 .debug_macro   0x00011503       0xfd Application/User/Fonts.o
 .debug_macro   0x00011600       0x10 Application/User/Fonts.o
 .debug_macro   0x00011610       0x52 Application/User/Fonts.o
 .debug_macro   0x00011662       0x1f Application/User/Fonts.o
 .debug_macro   0x00011681       0x43 Application/User/Fonts.o
 .debug_macro   0x000116c4       0x20 Application/User/Fonts.o
 .debug_macro   0x000116e4      0x187 Application/User/Fonts.o
 .debug_macro   0x0001186b       0x10 Application/User/Fonts.o
 .debug_macro   0x0001187b       0x1c Application/User/Fonts.o
 .debug_macro   0x00011897       0x52 Application/User/Fonts.o
 .debug_macro   0x000118e9       0x40 Application/User/Fonts.o
 .debug_macro   0x00011929       0x10 Application/User/Fonts.o
 .debug_macro   0x00011939       0x40 Application/User/Fonts.o
 .debug_macro   0x00011979       0xd7 Application/User/Fonts.o
 .debug_macro   0x00011a50       0x16 Application/User/Fonts.o
 .debug_macro   0x00011a66      0x18b Application/User/Fonts.o
 .debug_macro   0x00011bf1       0x50 Application/User/Fonts.o
 .debug_macro   0x00011c41      0x447 Application/User/Fonts.o
 .debug_macro   0x00012088      0x9e1 Application/User/Fonts.o
 .debug_macro   0x00012a69      0x11e Application/User/Fonts.o
 .debug_macro   0x00012b87      0x11b Application/User/Fonts.o
 .debug_macro   0x00012ca2       0x27 Application/User/Fonts.o
 .debug_macro   0x00012cc9      0x287 Application/User/Fonts.o
 .debug_macro   0x00012f50       0x5f Application/User/Fonts.o
 .debug_macro   0x00012faf      0x23a Application/User/Fonts.o
 .debug_macro   0x000131e9      0x391 Application/User/Fonts.o
 .debug_macro   0x0001357a      0x17d Application/User/Fonts.o
 .debug_macro   0x000136f7       0xf9 Application/User/Fonts.o
 .debug_macro   0x000137f0      0x13a Application/User/Fonts.o
 .debug_macro   0x0001392a      0x264 Application/User/Fonts.o
 .debug_macro   0x00013b8e       0x2e Application/User/Fonts.o
 .debug_macro   0x00013bbc      0x11e Application/User/Fonts.o
 .debug_macro   0x00013cda       0x85 Application/User/Fonts.o
 .debug_macro   0x00013d5f       0x89 Application/User/Fonts.o
 .debug_macro   0x00013de8      0x202 Application/User/Fonts.o
 .debug_macro   0x00013fea      0x6e0 Application/User/Fonts.o
 .debug_macro   0x000146ca       0x5b Application/User/Fonts.o
 .debug_macro   0x00014725      0x14d Application/User/Fonts.o
 .debug_macro   0x00014872      0x11e Application/User/Fonts.o
 .debug_macro   0x00014990       0x22 Application/User/Fonts.o
 .debug_macro   0x000149b2       0x28 Application/User/Fonts.o
 .debug_macro   0x000149da       0x2e Application/User/Fonts.o
 .debug_macro   0x00014a08      0x4be Application/User/SSD1331.o
 .debug_macro   0x00014ec6      0x1e1 Application/User/SSD1331.o
 .debug_macro   0x000150a7       0x16 Application/User/SSD1331.o
 .debug_macro   0x000150bd       0x35 Application/User/SSD1331.o
 .debug_macro   0x000150f2       0x16 Application/User/SSD1331.o
 .debug_macro   0x00015108       0x29 Application/User/SSD1331.o
 .debug_macro   0x00015131       0x16 Application/User/SSD1331.o
 .debug_macro   0x00015147      0x3b2 Application/User/main.o
 .debug_macro   0x000154f9      0x327 Application/User/stm32f4xx_hal_msp.o
 .debug_macro   0x00015820      0x331 Application/User/stm32f4xx_it.o
 .debug_macro   0x00015b51      0x32d Drivers/CMSIS/system_stm32f4xx.o
 .debug_macro   0x00015e7e      0x387 Drivers/STM32F4xx_HAL_Driver/stm32f4xx_hal.o
 .debug_macro   0x00016205      0x328 Drivers/STM32F4xx_HAL_Driver/stm32f4xx_hal_adc.o
 .debug_macro   0x0001652d      0x327 Drivers/STM32F4xx_HAL_Driver/stm32f4xx_hal_cortex.o
 .debug_macro   0x00016854      0x32e Drivers/STM32F4xx_HAL_Driver/stm32f4xx_hal_dma.o
 .debug_macro   0x00016b82      0x35f Drivers/STM32F4xx_HAL_Driver/stm32f4xx_hal_gpio.o
 .debug_macro   0x00016ee1      0x351 Drivers/STM32F4xx_HAL_Driver/stm32f4xx_hal_rcc.o
 .debug_macro   0x00017232      0x32f Drivers/STM32F4xx_HAL_Driver/stm32f4xx_hal_spi.o
 .debug_macro   0x00017561      0x328 Drivers/STM32F4xx_HAL_Driver/stm32f4xx_hal_tim.o
 .debug_macro   0x00017889      0x327 Drivers/STM32F4xx_HAL_Driver/stm32f4xx_hal_tim_ex.o

.debug_str      0x00000000    0x8ba6e
 .debug_str     0x00000000    0x86f58 Application/User/Fonts.o
                              0x871e7 (size before relaxing)
 .debug_str     0x00086f58     0x13d7 Application/User/SSD1331.o
                              0x885b6 (size before relaxing)
 .debug_str     0x0008832f      0xc1e Application/User/main.o
                              0x88ce7 (size before relaxing)
 .debug_str     0x00088f4d      0x11f Application/User/stm32f4xx_hal_msp.o
                              0x87be4 (size before relaxing)
 .debug_str     0x0008906c      0x12e Application/User/stm32f4xx_it.o
                              0x8751b (size before relaxing)
 .debug_str     0x0008919a       0xae Drivers/CMSIS/system_stm32f4xx.o
                              0x86ff0 (size before relaxing)
 .debug_str     0x00089248      0x558 Drivers/STM32F4xx_HAL_Driver/stm32f4xx_hal.o
                              0x87955 (size before relaxing)
 .debug_str     0x000897a0      0x2c1 Drivers/STM32F4xx_HAL_Driver/stm32f4xx_hal_adc.o
                              0x875b0 (size before relaxing)
 .debug_str     0x00089a61      0x2e8 Drivers/STM32F4xx_HAL_Driver/stm32f4xx_hal_cortex.o
                              0x8770b (size before relaxing)
 .debug_str     0x00089d49      0x2ec Drivers/STM32F4xx_HAL_Driver/stm32f4xx_hal_dma.o
                              0x873e8 (size before relaxing)
 .debug_str     0x0008a035      0x1ba Drivers/STM32F4xx_HAL_Driver/stm32f4xx_hal_gpio.o
                              0x87208 (size before relaxing)
 .debug_str     0x0008a1ef      0x227 Drivers/STM32F4xx_HAL_Driver/stm32f4xx_hal_rcc.o
                              0x87405 (size before relaxing)
 .debug_str     0x0008a416      0x4ce Drivers/STM32F4xx_HAL_Driver/stm32f4xx_hal_spi.o
                              0x877ec (size before relaxing)
 .debug_str     0x0008a8e4      0xc7f Drivers/STM32F4xx_HAL_Driver/stm32f4xx_hal_tim.o
                              0x87fec (size before relaxing)
 .debug_str     0x0008b563      0x50b Drivers/STM32F4xx_HAL_Driver/stm32f4xx_hal_tim_ex.o
                              0x878ac (size before relaxing)

.comment        0x00000000       0x6e
 .comment       0x00000000       0x6e Application/User/Fonts.o
                                 0x6f (size before relaxing)
 .comment       0x0000006e       0x6f Application/User/SSD1331.o
 .comment       0x0000006e       0x6f Application/User/main.o
 .comment       0x0000006e       0x6f Application/User/stm32f4xx_hal_msp.o
 .comment       0x0000006e       0x6f Application/User/stm32f4xx_it.o
 .comment       0x0000006e       0x6f Drivers/CMSIS/system_stm32f4xx.o
 .comment       0x0000006e       0x6f Drivers/STM32F4xx_HAL_Driver/stm32f4xx_hal.o
 .comment       0x0000006e       0x6f Drivers/STM32F4xx_HAL_Driver/stm32f4xx_hal_adc.o
 .comment       0x0000006e       0x6f Drivers/STM32F4xx_HAL_Driver/stm32f4xx_hal_cortex.o
 .comment       0x0000006e       0x6f Drivers/STM32F4xx_HAL_Driver/stm32f4xx_hal_dma.o
 .comment       0x0000006e       0x6f Drivers/STM32F4xx_HAL_Driver/stm32f4xx_hal_gpio.o
 .comment       0x0000006e       0x6f Drivers/STM32F4xx_HAL_Driver/stm32f4xx_hal_rcc.o
 .comment       0x0000006e       0x6f Drivers/STM32F4xx_HAL_Driver/stm32f4xx_hal_spi.o
 .comment       0x0000006e       0x6f Drivers/STM32F4xx_HAL_Driver/stm32f4xx_hal_tim.o
 .comment       0x0000006e       0x6f Drivers/STM32F4xx_HAL_Driver/stm32f4xx_hal_tim_ex.o

.debug_loc      0x00000000     0x8aa6
 .debug_loc     0x00000000      0xe7b Application/User/SSD1331.o
 .debug_loc     0x00000e7b       0x4a Application/User/main.o
 .debug_loc     0x00000ec5       0xf1 Application/User/stm32f4xx_hal_msp.o
 .debug_loc     0x00000fb6      0x132 Drivers/CMSIS/system_stm32f4xx.o
 .debug_loc     0x000010e8       0x91 Drivers/STM32F4xx_HAL_Driver/stm32f4xx_hal.o
 .debug_loc     0x00001179      0x87e Drivers/STM32F4xx_HAL_Driver/stm32f4xx_hal_adc.o
 .debug_loc     0x000019f7      0x548 Drivers/STM32F4xx_HAL_Driver/stm32f4xx_hal_cortex.o
 .debug_loc     0x00001f3f      0xa0b Drivers/STM32F4xx_HAL_Driver/stm32f4xx_hal_dma.o
 .debug_loc     0x0000294a      0x39a Drivers/STM32F4xx_HAL_Driver/stm32f4xx_hal_gpio.o
 .debug_loc     0x00002ce4      0x622 Drivers/STM32F4xx_HAL_Driver/stm32f4xx_hal_rcc.o
 .debug_loc     0x00003306     0x17a8 Drivers/STM32F4xx_HAL_Driver/stm32f4xx_hal_spi.o
 .debug_loc     0x00004aae     0x3284 Drivers/STM32F4xx_HAL_Driver/stm32f4xx_hal_tim.o
 .debug_loc     0x00007d32      0xd74 Drivers/STM32F4xx_HAL_Driver/stm32f4xx_hal_tim_ex.o

.debug_frame    0x00000000     0x2174
 .debug_frame   0x00000000      0x28c Application/User/SSD1331.o
 .debug_frame   0x0000028c      0x160 Application/User/main.o
 .debug_frame   0x000003ec       0xe8 Application/User/stm32f4xx_hal_msp.o
 .debug_frame   0x000004d4       0xa0 Application/User/stm32f4xx_it.o
 .debug_frame   0x00000574       0x30 Drivers/CMSIS/system_stm32f4xx.o
 .debug_frame   0x000005a4      0x198 Drivers/STM32F4xx_HAL_Driver/stm32f4xx_hal.o
 .debug_frame   0x0000073c      0x25c Drivers/STM32F4xx_HAL_Driver/stm32f4xx_hal_adc.o
 .debug_frame   0x00000998      0x154 Drivers/STM32F4xx_HAL_Driver/stm32f4xx_hal_cortex.o
 .debug_frame   0x00000aec      0x184 Drivers/STM32F4xx_HAL_Driver/stm32f4xx_hal_dma.o
 .debug_frame   0x00000c70       0xc4 Drivers/STM32F4xx_HAL_Driver/stm32f4xx_hal_gpio.o
 .debug_frame   0x00000d34      0x150 Drivers/STM32F4xx_HAL_Driver/stm32f4xx_hal_rcc.o
 .debug_frame   0x00000e84      0x548 Drivers/STM32F4xx_HAL_Driver/stm32f4xx_hal_spi.o
 .debug_frame   0x000013cc      0x9cc Drivers/STM32F4xx_HAL_Driver/stm32f4xx_hal_tim.o
 .debug_frame   0x00001d98      0x3b0 Drivers/STM32F4xx_HAL_Driver/stm32f4xx_hal_tim_ex.o
 .debug_frame   0x00002148       0x2c d:/ac6/systemworkbench/plugins/fr.ac6.mcu.externaltools.arm-none.win32_1.13.3.201707031232/tools/compiler/bin/../lib/gcc/arm-none-eabi/5.4.1/../../../../arm-none-eabi/lib/armv7e-m/fpu\libc_nano.a(lib_a-init.o)
